........................................................................ [  4%]
........................................................................ [  9%]
........................................................................ [ 14%]
........................................................................ [ 19%]
........................................................................ [ 24%]
........................................................................ [ 29%]
........................................................................ [ 34%]
..........................................F............................. [ 39%]
........................................................................ [ 44%]
........................................................................ [ 49%]
........................................................................ [ 54%]
........................................................................ [ 59%]
........................................................................ [ 64%]
....................................................s................... [ 69%]
........................................................................ [ 74%]
........................................................................ [ 79%]
........................................................................ [ 84%]
........................................................................ [ 89%]
........................................................................ [ 94%]
........................................................................ [ 98%]
...............                                                          [100%]
=================================== FAILURES ===================================
______________ test_a2_guard_has_measured_upper_and_lower_bounds _______________

    def test_a2_guard_has_measured_upper_and_lower_bounds():
        from ascend_fla.platform import CAPABILITIES
    
        coarse = _records("range-coarse-bd1")
        assert {r["id"] for r in coarse} == {
            f"t4096_seed{s}_span{float(span)}" for s in range(3) for span in (8, 16, 32, 64, 96, 128, 160, 192)}
        assert len(coarse) == 24
        assert sum(not all(m["ok"] for m in r["comparison"].values()) for r in coarse) == 3
        guard = _range_guard()
        assert CAPABILITIES["a2"]["qualified"] is False
        assert CAPABILITIES["a2"]["supported_block_dim"] == {"chunk": (1, 2), "decode": (1, 2)}
>       assert CAPABILITIES["a2"]["max_gate_span"] == {"stable": {"forward": float(guard)}}
E       AssertionError: assert {'stable': {'...ward': 158.0}} == {'stable': {'forward': 158.0}}
E         
E         Differing items:
E         {'stable': {'backward': 128.0, 'forward': 158.0}} != {'stable': {'forward': 158.0}}
E         Use -v to get more diff

tests/test_kda_fwd_a2.py:172: AssertionError
=========================== short test summary info ============================
FAILED tests/test_kda_fwd_a2.py::test_a2_guard_has_measured_upper_and_lower_bounds
1 failed, 1453 passed, 6 skipped in 175.93s (0:02:55)
