{"stage": "identity_verified", "block_dim": 1, "custom_launches": 0}
{"stage": "compile_start", "name": "fwd.gate", "block_dim": 1}
{"stage": "vendor_compiled", "block_dim": 1, "name": "fwd.gate", "signature": "b1c1bf8c37748fc4", "scalar_names": ["B", "HV", "C", "BT", "HVK"], "inputs": ["g_raw"], "outputs": ["g_cumsum", "eg"], "elapsed_s": 38.38195728044957}
{"stage": "compile_start", "name": "fwd.intra", "block_dim": 1}
{"stage": "vendor_compiled", "block_dim": 1, "name": "fwd.intra", "signature": "090500378d21e7d1", "scalar_names": ["B", "H", "HV", "C", "scale", "BT", "HK", "HVB"], "inputs": ["q", "k", "g_cumsum", "beta"], "outputs": ["Aqk", "strict"], "elapsed_s": 41.96027752570808}
{"stage": "compile_start", "name": "fwd.triangular_inverse", "block_dim": 1}
{"stage": "vendor_compiled", "block_dim": 1, "name": "fwd.triangular_inverse", "signature": "4fb07d660728a112", "scalar_names": ["B", "HV", "C"], "inputs": ["a"], "outputs": ["inv"], "elapsed_s": 54.92308240197599}
{"stage": "compile_start", "name": "fwd.wy", "block_dim": 1}
{"stage": "vendor_compiled", "block_dim": 1, "name": "fwd.wy", "signature": "475361a50a078a3a", "scalar_names": ["B", "H", "HV", "C", "BT", "HK", "HVV", "HVB"], "inputs": ["q", "k", "v", "beta", "Akk", "g_cumsum"], "outputs": ["w", "u", "qg", "kg"], "elapsed_s": 41.86353959143162}
{"stage": "compile_start", "name": "fwd.recurrent", "block_dim": 1}
{"stage": "vendor_compiled", "block_dim": 1, "name": "fwd.recurrent", "signature": "79813fc6dad8635d", "scalar_names": ["B", "H", "HV", "C", "scale", "BT", "HK", "HVV"], "inputs": ["q", "Aqk", "kg", "w", "u", "eg", "initial_state"], "outputs": ["o", "final_state"], "elapsed_s": 47.40020303148776}
{"stage": "compile_start", "name": "bwd.scan_fused", "block_dim": 1}
{"stage": "vendor_compiled", "block_dim": 1, "name": "bwd.scan_fused", "signature": "6ab6fc8787b0cae6", "scalar_names": ["B", "HV", "C", "BT", "HVK", "HVL"], "inputs": ["kg", "qg", "w", "g_cumsum", "grad_out", "Aqk", "v_new", "dht"], "outputs": ["dAqk", "dh", "dv", "dh0"], "elapsed_s": 53.03473141975701}
{"stage": "compile_start", "name": "bwd.inverse_mm", "block_dim": 1}
{"stage": "vendor_compiled", "block_dim": 1, "name": "bwd.inverse_mm", "signature": "8db4d3a27e21e8b6", "scalar_names": ["B", "HV", "C", "BT", "HVK", "HVL"], "inputs": ["grad_out", "vnew", "dv", "h", "dh", "Akk"], "outputs": ["d_qg", "d_kg", "d_w", "d_v_beta", "d_k_beta_g"], "elapsed_s": 41.83513475302607}
{"stage": "compile_start", "name": "bwd.inverse_epilogue", "block_dim": 1}
{"stage": "vendor_compiled", "block_dim": 1, "name": "bwd.inverse_epilogue", "signature": "23fc386214b80ead", "scalar_names": ["B", "Hq", "HV", "C", "BT", "HK", "HVK", "HVB"], "inputs": ["d_qg", "d_kg", "d_v_beta", "d_k_beta_g", "q", "k", "v", "g_cumsum", "beta", "h", "dh"], "outputs": ["dq_hv", "dk_hv", "dv", "dbeta", "dg_core", "k_exp"], "elapsed_s": 63.02531764563173}
{"stage": "compile_start", "name": "bwd.inverse_dainv", "block_dim": 1}
{"stage": "vendor_compiled", "block_dim": 1, "name": "bwd.inverse_dainv", "signature": "4c3d713466408c89", "scalar_names": ["B", "HV", "C", "BT", "HVK", "HVB"], "inputs": ["dv", "v", "d_w", "k_exp", "beta"], "outputs": ["dtri"], "elapsed_s": 40.6426828764379}
{"stage": "compile_start", "name": "bwd.inverse_dakk_fused", "block_dim": 1}
{"stage": "vendor_compiled", "block_dim": 1, "name": "bwd.inverse_dakk_fused", "signature": "e10717ba70730547", "scalar_names": ["B", "HV", "C", "BT", "HVL"], "inputs": ["Akk", "dtri"], "outputs": ["dAkk"], "elapsed_s": 40.44329307693988}
{"stage": "compile_start", "name": "bwd.finalize_pre", "block_dim": 1}
{"stage": "vendor_compiled", "block_dim": 1, "name": "bwd.finalize_pre", "signature": "b18f27282198c00c", "scalar_names": ["B", "H", "HV", "C", "BT", "HK", "HVK", "HVB", "HVL"], "inputs": ["q", "k", "g_cumsum", "beta", "dAqk", "dAkk"], "outputs": ["q_scaled", "k_scaled", "kg", "m_qk", "m_base", "m_beta"], "elapsed_s": 41.32892899028957}
{"stage": "compile_start", "name": "bwd.finalize_pair", "block_dim": 1}
{"stage": "vendor_compiled", "block_dim": 1, "name": "bwd.finalize_pair", "signature": "85b7d0078ad606d6", "scalar_names": ["B", "HV", "T"], "inputs": ["Mqk", "Mbase", "Mbeta", "q_hv", "k_hv", "kg"], "outputs": ["dq_pair", "dk_pair", "s_base", "t_beta"], "elapsed_s": 41.04322359338403}
{"stage": "compile_start", "name": "bwd.finalize_post", "block_dim": 1}
{"stage": "vendor_compiled", "block_dim": 1, "name": "bwd.finalize_post", "signature": "9442e6b17ba123f2", "scalar_names": ["B", "H", "HV", "C", "BT", "HVK", "HK", "HVB"], "inputs": ["g_cumsum", "qk_left", "qk_right", "s_base", "t_beta", "q", "k", "beta", "dq_hv_in", "dk_hv_in", "dbeta_in", "dg_core_in"], "outputs": ["dq_hv_out", "dk_hv_out", "dbeta_out", "dg_out"], "elapsed_s": 51.6955231288448}
{"stage": "compile_start", "name": "bwd.finalize_reduce", "block_dim": 1}
{"stage": "vendor_compiled", "block_dim": 1, "name": "bwd.finalize_reduce", "signature": "334921ba1011331c", "scalar_names": ["B", "HV", "H", "C", "BT", "HK"], "inputs": ["dq_hv", "dk_hv"], "outputs": ["dq_out", "dk_out"], "elapsed_s": 39.23006055224687}
{"stage": "vendor_compilation_only", "block_dim": 1, "vendors": [{"name": "fwd.gate", "signature": "b1c1bf8c37748fc4", "scalar_names": ["B", "HV", "C", "BT", "HVK"], "inputs": ["g_raw"], "outputs": ["g_cumsum", "eg"], "elapsed_s": 38.38195728044957}, {"name": "fwd.intra", "signature": "090500378d21e7d1", "scalar_names": ["B", "H", "HV", "C", "scale", "BT", "HK", "HVB"], "inputs": ["q", "k", "g_cumsum", "beta"], "outputs": ["Aqk", "strict"], "elapsed_s": 41.96027752570808}, {"name": "fwd.triangular_inverse", "signature": "4fb07d660728a112", "scalar_names": ["B", "HV", "C"], "inputs": ["a"], "outputs": ["inv"], "elapsed_s": 54.92308240197599}, {"name": "fwd.wy", "signature": "475361a50a078a3a", "scalar_names": ["B", "H", "HV", "C", "BT", "HK", "HVV", "HVB"], "inputs": ["q", "k", "v", "beta", "Akk", "g_cumsum"], "outputs": ["w", "u", "qg", "kg"], "elapsed_s": 41.86353959143162}, {"name": "fwd.recurrent", "signature": "79813fc6dad8635d", "scalar_names": ["B", "H", "HV", "C", "scale", "BT", "HK", "HVV"], "inputs": ["q", "Aqk", "kg", "w", "u", "eg", "initial_state"], "outputs": ["o", "final_state"], "elapsed_s": 47.40020303148776}, {"name": "bwd.scan_fused", "signature": "6ab6fc8787b0cae6", "scalar_names": ["B", "HV", "C", "BT", "HVK", "HVL"], "inputs": ["kg", "qg", "w", "g_cumsum", "grad_out", "Aqk", "v_new", "dht"], "outputs": ["dAqk", "dh", "dv", "dh0"], "elapsed_s": 53.03473141975701}, {"name": "bwd.inverse_mm", "signature": "8db4d3a27e21e8b6", "scalar_names": ["B", "HV", "C", "BT", "HVK", "HVL"], "inputs": ["grad_out", "vnew", "dv", "h", "dh", "Akk"], "outputs": ["d_qg", "d_kg", "d_w", "d_v_beta", "d_k_beta_g"], "elapsed_s": 41.83513475302607}, {"name": "bwd.inverse_epilogue", "signature": "23fc386214b80ead", "scalar_names": ["B", "Hq", "HV", "C", "BT", "HK", "HVK", "HVB"], "inputs": ["d_qg", "d_kg", "d_v_beta", "d_k_beta_g", "q", "k", "v", "g_cumsum", "beta", "h", "dh"], "outputs": ["dq_hv", "dk_hv", "dv", "dbeta", "dg_core", "k_exp"], "elapsed_s": 63.02531764563173}, {"name": "bwd.inverse_dainv", "signature": "4c3d713466408c89", "scalar_names": ["B", "HV", "C", "BT", "HVK", "HVB"], "inputs": ["dv", "v", "d_w", "k_exp", "beta"], "outputs": ["dtri"], "elapsed_s": 40.6426828764379}, {"name": "bwd.inverse_dakk_fused", "signature": "e10717ba70730547", "scalar_names": ["B", "HV", "C", "BT", "HVL"], "inputs": ["Akk", "dtri"], "outputs": ["dAkk"], "elapsed_s": 40.44329307693988}, {"name": "bwd.finalize_pre", "signature": "b18f27282198c00c", "scalar_names": ["B", "H", "HV", "C", "BT", "HK", "HVK", "HVB", "HVL"], "inputs": ["q", "k", "g_cumsum", "beta", "dAqk", "dAkk"], "outputs": ["q_scaled", "k_scaled", "kg", "m_qk", "m_base", "m_beta"], "elapsed_s": 41.32892899028957}, {"name": "bwd.finalize_pair", "signature": "85b7d0078ad606d6", "scalar_names": ["B", "HV", "T"], "inputs": ["Mqk", "Mbase", "Mbeta", "q_hv", "k_hv", "kg"], "outputs": ["dq_pair", "dk_pair", "s_base", "t_beta"], "elapsed_s": 41.04322359338403}, {"name": "bwd.finalize_post", "signature": "9442e6b17ba123f2", "scalar_names": ["B", "H", "HV", "C", "BT", "HVK", "HK", "HVB"], "inputs": ["g_cumsum", "qk_left", "qk_right", "s_base", "t_beta", "q", "k", "beta", "dq_hv_in", "dk_hv_in", "dbeta_in", "dg_core_in"], "outputs": ["dq_hv_out", "dk_hv_out", "dbeta_out", "dg_out"], "elapsed_s": 51.6955231288448}, {"name": "bwd.finalize_reduce", "signature": "334921ba1011331c", "scalar_names": ["B", "HV", "H", "C", "BT", "HK"], "inputs": ["dq_hv", "dk_hv"], "outputs": ["dq_out", "dk_out"], "elapsed_s": 39.23006055224687}], "forward_count": 5, "backward_count": 9, "custom_launches": 0, "hardware_acceptance": false}
