+------------------------------------------------------------------------------------------------+
| npu-smi 25.5.1                   Version: 25.5.1                                               |
+---------------------------+---------------+----------------------------------------------------+
| NPU   Name                | Health        | Power(W)    Temp(C)           Hugepages-Usage(page)|
| Chip                      | Bus-Id        | AICore(%)   Memory-Usage(MB)  HBM-Usage(MB)        |
+===========================+===============+====================================================+
| 0     910B3               | OK            | 97.3        36                0    / 0             |
| 0                         | 0000:C1:00.0  | 0           0    / 0          64878/ 65536         |
+===========================+===============+====================================================+
| 1     910B3               | OK            | 90.5        33                0    / 0             |
| 0                         | 0000:C2:00.0  | 0           0    / 0          63934/ 65536         |
+===========================+===============+====================================================+
| 2     910B3               | OK            | 90.7        35                0    / 0             |
| 0                         | 0000:81:00.0  | 0           0    / 0          3439 / 65536         |
+===========================+===============+====================================================+
| 3     910B3               | OK            | 93.0        35                0    / 0             |
| 0                         | 0000:82:00.0  | 0           0    / 0          3428 / 65536         |
+===========================+===============+====================================================+
| 4     910B3               | OK            | 95.6        39                0    / 0             |
| 0                         | 0000:01:00.0  | 0           0    / 0          3431 / 65536         |
