........................................................................ [  5%]
........................................................................ [ 10%]
........................................................................ [ 15%]
........................................................................ [ 21%]
........................................................................ [ 26%]
........................................................................ [ 31%]
.............................F.......................................... [ 36%]
........................................................................ [ 42%]
........................................................................ [ 47%]
........................................................................ [ 52%]
........................................................................ [ 57%]
........................................................................ [ 63%]
.......................................s................................ [ 68%]
........................................................................ [ 73%]
........................................................................ [ 78%]
........................................................................ [ 84%]
........................................................................ [ 89%]
........................................................................ [ 94%]
........................................................................ [ 99%]
..                                                                       [100%]
=================================== FAILURES ===================================
______________ test_a2_guard_has_measured_upper_and_lower_bounds _______________

    def test_a2_guard_has_measured_upper_and_lower_bounds():
        from ascend_fla.platform import CAPABILITIES

        coarse = _records("range-coarse-bd1")
        assert {r["id"] for r in coarse} == {
            f"t4096_seed{s}_span{float(span)}" for s in range(3) for span in (8, 16, 32, 64, 96, 128, 160, 192)}
        assert len(coarse) == 24
        assert sum(not all(m["ok"] for m in r["comparison"].values()) for r in coarse) == 3
        guard = _range_guard()
        assert CAPABILITIES["a2"]["qualified"] is False
>       assert CAPABILITIES["a2"]["supported_block_dim"] == {"chunk": (1, 2)}
E       AssertionError: assert {'chunk': (1,...code': (1, 2)} == {'chunk': (1, 2)}
E
E         Omitting 1 identical items, use -vv to show
E         Left contains 1 more item:
E         {'decode': (1, 2)}
E         Use -v to get more diff

tests/test_kda_fwd_a2.py:171: AssertionError
=========================== short test summary info ============================
FAILED tests/test_kda_fwd_a2.py::test_a2_guard_has_measured_upper_and_lower_bounds
1 failed, 1368 passed, 6 skipped in 180.03s (0:03:00)
